LINE ADDR CONTENTS SOURCE LINE
  1.              	.EQU KEYBOARD_STATUS, $000; READ
  2.              	.EQU KEYBOARD_DATA, $001;   WRITE
  3.              	.EQU DUMP, $D00
  4.              	.EQU @, $CCC
  5.  CCC 676574  PASSWORD:	.CHAR 'get pwned', CHAR_LENGTH;
      CCD 207077
      CCE 6E6564
  6.              	.EQU @, $000
  7.  000 010000  	LDX# 0
  8.  001 000000  	LDA# 0
  9.  002 702000  POLL_KEYBD:	INB KEYBOARD_STATUS
 10.  003 FFF038  	NOP
 11.  004 4B2002  	JGE POLL_KEYBD;	LT SET WHEN THERE IS NO DATA
 12.  005 702001  WRITE:	INB KEYBOARD_DATA
 13.  006 044D00  	STA+ DUMP
 14.  007 110001  	ADX# 1
 15.  008 200064  	CMA# 'd'
 16.  009 48200B  	JEQ CONFIRM
 17.  00A 402005  	JMP WRITE
 18.              	
 19.  00B FFF003  CONFIRM:	TXA
 20.  00C 202009  	CMA CHAR_LENGTH
 21.  00D 4A2005  	JLT WRITE
 22.  00E 142009  	SBA CHAR_LENGTH
 23.  00F FFF000  	TAX		
 24.  010 004D00  	LDA+ DUMP	
 25.  011 110001  	ADX# 1
 26.  012 202067  	CMA 'g'
 27.              	
 28.  013 010000  ERASE:	LDX# 0
 29.  014 0A4000  	CLR+ $000
 30.  015 600032  	AOC# 50
 31.  016 4A2013  	JLT ERASE
 32.              	.END
 33.              	

                     SYMBOL TABLE CONTENTS

000009 = CHAR_LENGTH     00000B = CONFIRM         000D00 = DUMP            
000013 = ERASE           000001 = KEYBOARD_DATA   000000 = KEYBOARD_STATUS 
000CCC = PASSWORD        000002 = POLL_KEYBD      000005 = WRITE           
