LINE ADDR CONTENTS SOURCE LINE
  1.              	.EQU KEYBOARD_STATUS, $000; READ
  2.              	.EQU KEYBOARD_DATA, $001;   WRITE
  3.              	.EQU DUMP, $D00
  4.              	.EQU @, $CCC
  5.  CCC 676574  PASSWORD:	.CHAR 'get pwned';
      CCD 207077
      CCE 6E6564
  6.  CCF 000009  CHAR_LENGTH:	.WORD 9
  7.              	.EQU @, $000
  8.  000 010000  	LDX# 0
  9.  001 000000  	LDA# 0
 10.  002 702000  POLL_KEYBD:	INB KEYBOARD_STATUS
 11.  003 FFF038  	NOP
 12.  004 4B2002  	JGE POLL_KEYBD;	LT SET WHEN THERE IS NO DATA
 13.  005 702001  WRITE:	INB KEYBOARD_DATA
 14.  006 044D00  	STA+ DUMP
 15.  007 110001  	ADX# 1
 16.  008 200064  	CMA# 'd'
 17.  009 48200B  	JEQ CONFIRM
 18.  00A 402002  	JMP POLL_KEYBD
 19.  00B 212CCF  CONFIRM:	CMX CHAR_LENGTH
 20.  00C 4A2005  	JLT WRITE
 21.  00D 152CCF  	SBX CHAR_LENGTH	
 22.  00E 004D00  	LDA+ DUMP	
 23.  00F 200067  	CMA# 'g'
 24.  010 482014  	JEQ ERASE
 25.  011 402005  	JMP WRITE
 26.              
 27.  012 010000  	LDX# 0
 28.  013 000000  	LDA# 0
 29.  014 044000  ERASE:	STA+ $000
 30.  015 110001  	ADX# 1
 31.  016 210032  	CMX# 50
 32.  017 4A2014  	JLT ERASE
 33.              	.END

                     SYMBOL TABLE CONTENTS

000CCF = CHAR_LENGTH     00000B = CONFIRM         000D00 = DUMP            
000014 = ERASE           000001 = KEYBOARD_DATA   000000 = KEYBOARD_STATUS 
000CCC = PASSWORD        000002 = POLL_KEYBD      000005 = WRITE           
